// Jest Snapshot v1, https://goo.gl/fbAQLP

exports[`Main should render the heading 1`] = `
.c0 {
  background-color: #e0e0e0;
  color: #07556d;
  width: 100%;
  height: 100%;
  padding: 3rem;
  text-align: center;
  display: -webkit-box;
  display: -webkit-flex;
  display: -ms-flexbox;
  display: flex;
  -webkit-flex-direction: column;
  -ms-flex-direction: column;
  flex-direction: column;
  -webkit-align-items: center;
  -webkit-box-align: center;
  -ms-flex-align: center;
  align-items: center;
  -webkit-box-pack: center;
  -webkit-justify-content: center;
  -ms-flex-pack: center;
  justify-content: center;
}

.c1 {
  width: 50px;
  margin-bottom: 2rem;
}

.c2 {
  font-size: 5rem;
  color: #07556d;
}

.c3 {
  font-size: 2rem;
  color: #445054;
  font-weight: 400;
  margin-bottom: 2rem;
}

.c4 {
  width: min(400px,100%);
}

<main
  class="c0"
>
  <img
    alt="Imagem de um monitor com o símbolo < / > representando um código de programação."
    class="c1"
    src="/img/coding.svg"
  />
  <h1
    class="c2"
  >
    Boilerplate NextJS
  </h1>
  <h2
    class="c3"
  >
    TypeScript, ReactJS, NextJS e Styled Components
  </h2>
  <img
    alt="imagem de uma pessoa carregando uma enorme xícara de café, quase maior que ele mesmo"
    class="c4"
    src="/img/coffee.svg"
  />
</main>
`
